// Jest Snapshot v1, https://goo.gl/fbAQLP

exports[`<CompanyLink /> renders link 1`] = `
<div>
  Dummy company
</div>
`;
