// Jest Snapshot v1, https://goo.gl/fbAQLP

exports[`<MenuLink /> renders link 1`] = `
<div
  className="list-item"
>
  <i
    className="material-icons"
  >
    phone
  </i>
  <p
    className="item-text"
  >
    Call me
  </p>
</div>
`;
